[www.tailoredsweep.com/index.html]
[backblue.gif]
[fade.gif]
[index.html]
[www.tailoredsweep.com/contents/images/icon.svg]
[www.tailoredsweep.com/contents/images/cleaninggirl.webp]
[cdnjs.cloudflare.com/ajax/libs/bootstrap/5.3.2/css/bootstrap.min.css]
[www.tailoredsweep.com/styles/home.css]
[www.tailoredsweep.com/styles/home5.css]
[www.tailoredsweep.com/contents/images/logowithtext.svg]
[www.tailoredsweep.com/contents/images/logowithtextwhite.svg]
[www.tailoredsweep.com/${newUrl}.a.delayed]
[www.tailoredsweep.com/projects/sydneybuilds.com/contents/images/engineer.svg]
[www.tailoredsweep.com/contents/images/price.png]
[www.tailoredsweep.com/contents/images/arrow-down.png]
[www.tailoredsweep.com/contents/images/messengericon.png]
[ajax.googleapis.com/ajax/libs/jquery/3.6.4/jquery.min.js]
[cdnjs.cloudflare.com/ajax/libs/bootstrap/5.3.2/js/bootstrap.bundle.min.js]
[www.tailoredsweep.com/js/main.js]
[www.tailoredsweep.com/index.html]
[www.tailoredsweep.com/contents/images/icon.svg]
[cdnjs.cloudflare.com/ajax/libs/bootstrap/5.3.2/css/bootstrap.min.css]
[www.tailoredsweep.com/js/navbar.js]
[www.tailoredsweep.com/styles/home.css]
[www.tailoredsweep.com/styles/home5.css]
[www.tailoredsweep.com/contents/images/logowithtext.svg]
[www.tailoredsweep.com/contents/images/logowithtextwhite.svg]
[www.tailoredsweep.com/contents/images/navbaricon.svg]
[www.tailoredsweep.com/contents/images/navbariconwhite.svg]
[www.tailoredsweep.com/contents/images/navbarclose.svg]
[www.tailoredsweep.com/${newUrl}.html]
[www.tailoredsweep.com/projects/sydneybuilds.com/contents/images/engineer.svg]
[www.tailoredsweep.com/contents/images/attention.svg]
[www.tailoredsweep.com/contents/images/time.svg]
[www.tailoredsweep.com/contents/images/emailicon.svg]
[www.tailoredsweep.com/contents/images/facebook.svg]
[www.tailoredsweep.com/contents/images/linkarrow.svg]
[www.tailoredsweep.com/contents/images/linkarrowwhite.svg]
[www.tailoredsweep.com/contents/images/rightarrowblack.svg]
[www.tailoredsweep.com/contents/images/leftarrowblack.svg]
[www.tailoredsweep.com/contents/images/rightarrowwhite.svg]
[www.tailoredsweep.com/contents/images/leftarrowwhite.svg]
